Archive member included to satisfy reference by file (symbol)

/Applications/Simplicity Studio.app/Contents/Eclipse/developer/toolchains/gnu_arm/7.2_2017q4/bin/../lib/gcc/arm-none-eabi/7.2.1/thumb/v7e-m/fpv4-sp/softfp/libgcc.a(_aeabi_uldivmod.o)
                              ./emlib/em_usart.o (__aeabi_uldivmod)
/Applications/Simplicity Studio.app/Contents/Eclipse/developer/toolchains/gnu_arm/7.2_2017q4/bin/../lib/gcc/arm-none-eabi/7.2.1/thumb/v7e-m/fpv4-sp/softfp/libgcc.a(_udivmoddi4.o)
                              /Applications/Simplicity Studio.app/Contents/Eclipse/developer/toolchains/gnu_arm/7.2_2017q4/bin/../lib/gcc/arm-none-eabi/7.2.1/thumb/v7e-m/fpv4-sp/softfp/libgcc.a(_aeabi_uldivmod.o) (__udivmoddi4)
/Applications/Simplicity Studio.app/Contents/Eclipse/developer/toolchains/gnu_arm/7.2_2017q4/bin/../lib/gcc/arm-none-eabi/7.2.1/thumb/v7e-m/fpv4-sp/softfp/libgcc.a(_dvmd_tls.o)
                              /Applications/Simplicity Studio.app/Contents/Eclipse/developer/toolchains/gnu_arm/7.2_2017q4/bin/../lib/gcc/arm-none-eabi/7.2.1/thumb/v7e-m/fpv4-sp/softfp/libgcc.a(_aeabi_uldivmod.o) (__aeabi_ldiv0)
/Applications/Simplicity Studio.app/Contents/Eclipse/developer/toolchains/gnu_arm/7.2_2017q4/bin/../lib/gcc/arm-none-eabi/7.2.1/../../../../arm-none-eabi/lib/thumb/v7e-m/fpv4-sp/softfp/libc_nano.a(lib_a-exit.o)
                              /Applications/Simplicity Studio.app/Contents/Eclipse/developer/toolchains/gnu_arm/7.2_2017q4/bin/../lib/gcc/arm-none-eabi/7.2.1/../../../../arm-none-eabi/lib/thumb/v7e-m/fpv4-sp/softfp/crt0.o (exit)
/Applications/Simplicity Studio.app/Contents/Eclipse/developer/toolchains/gnu_arm/7.2_2017q4/bin/../lib/gcc/arm-none-eabi/7.2.1/../../../../arm-none-eabi/lib/thumb/v7e-m/fpv4-sp/softfp/libc_nano.a(lib_a-impure.o)
                              /Applications/Simplicity Studio.app/Contents/Eclipse/developer/toolchains/gnu_arm/7.2_2017q4/bin/../lib/gcc/arm-none-eabi/7.2.1/../../../../arm-none-eabi/lib/thumb/v7e-m/fpv4-sp/softfp/libc_nano.a(lib_a-exit.o) (_global_impure_ptr)
/Applications/Simplicity Studio.app/Contents/Eclipse/developer/toolchains/gnu_arm/7.2_2017q4/bin/../lib/gcc/arm-none-eabi/7.2.1/../../../../arm-none-eabi/lib/thumb/v7e-m/fpv4-sp/softfp/libc_nano.a(lib_a-init.o)
                              /Applications/Simplicity Studio.app/Contents/Eclipse/developer/toolchains/gnu_arm/7.2_2017q4/bin/../lib/gcc/arm-none-eabi/7.2.1/../../../../arm-none-eabi/lib/thumb/v7e-m/fpv4-sp/softfp/crt0.o (__libc_init_array)
/Applications/Simplicity Studio.app/Contents/Eclipse/developer/toolchains/gnu_arm/7.2_2017q4/bin/../lib/gcc/arm-none-eabi/7.2.1/../../../../arm-none-eabi/lib/thumb/v7e-m/fpv4-sp/softfp/libc_nano.a(lib_a-memcpy-stub.o)
                              ./emlib/em_crypto.o (memcpy)
/Applications/Simplicity Studio.app/Contents/Eclipse/developer/toolchains/gnu_arm/7.2_2017q4/bin/../lib/gcc/arm-none-eabi/7.2.1/../../../../arm-none-eabi/lib/thumb/v7e-m/fpv4-sp/softfp/libc_nano.a(lib_a-memset.o)
                              /Applications/Simplicity Studio.app/Contents/Eclipse/developer/toolchains/gnu_arm/7.2_2017q4/bin/../lib/gcc/arm-none-eabi/7.2.1/../../../../arm-none-eabi/lib/thumb/v7e-m/fpv4-sp/softfp/crt0.o (memset)
/Applications/Simplicity Studio.app/Contents/Eclipse/developer/toolchains/gnu_arm/7.2_2017q4/bin/../lib/gcc/arm-none-eabi/7.2.1/../../../../arm-none-eabi/lib/thumb/v7e-m/fpv4-sp/softfp/libnosys.a(_exit.o)
                              /Applications/Simplicity Studio.app/Contents/Eclipse/developer/toolchains/gnu_arm/7.2_2017q4/bin/../lib/gcc/arm-none-eabi/7.2.1/../../../../arm-none-eabi/lib/thumb/v7e-m/fpv4-sp/softfp/libc_nano.a(lib_a-exit.o) (_exit)

Discarded input sections

 .text          0x0000000000000000        0x0 /Applications/Simplicity Studio.app/Contents/Eclipse/developer/toolchains/gnu_arm/7.2_2017q4/bin/../lib/gcc/arm-none-eabi/7.2.1/thumb/v7e-m/fpv4-sp/softfp/crti.o
 .data          0x0000000000000000        0x0 /Applications/Simplicity Studio.app/Contents/Eclipse/developer/toolchains/gnu_arm/7.2_2017q4/bin/../lib/gcc/arm-none-eabi/7.2.1/thumb/v7e-m/fpv4-sp/softfp/crti.o
 .bss           0x0000000000000000        0x0 /Applications/Simplicity Studio.app/Contents/Eclipse/developer/toolchains/gnu_arm/7.2_2017q4/bin/../lib/gcc/arm-none-eabi/7.2.1/thumb/v7e-m/fpv4-sp/softfp/crti.o
 .data          0x0000000000000000        0x4 /Applications/Simplicity Studio.app/Contents/Eclipse/developer/toolchains/gnu_arm/7.2_2017q4/bin/../lib/gcc/arm-none-eabi/7.2.1/thumb/v7e-m/fpv4-sp/softfp/crtbegin.o
 .data          0x0000000000000000        0x0 /Applications/Simplicity Studio.app/Contents/Eclipse/developer/toolchains/gnu_arm/7.2_2017q4/bin/../lib/gcc/arm-none-eabi/7.2.1/../../../../arm-none-eabi/lib/thumb/v7e-m/fpv4-sp/softfp/crt0.o
[...]
Memory Configuration

Name             Origin             Length             Attributes
FLASH            0x0000000000000000 0x0000000000100000 xr
RAM              0x0000000020000000 0x0000000000040000 xrw
*default*        0x0000000000000000 0xffffffffffffffff

Linker script and memory map

LOAD /Applications/Simplicity Studio.app/Contents/Eclipse/developer/toolchains/gnu_arm/7.2_2017q4/bin/../lib/gcc/arm-none-eabi/7.2.1/thumb/v7e-m/fpv4-sp/softfp/crti.o
LOAD /Applications/Simplicity Studio.app/Contents/Eclipse/developer/toolchains/gnu_arm/7.2_2017q4/bin/../lib/gcc/arm-none-eabi/7.2.1/thumb/v7e-m/fpv4-sp/softfp/crtbegin.o
LOAD /Applications/Simplicity Studio.app/Contents/Eclipse/developer/toolchains/gnu_arm/7.2_2017q4/bin/../lib/gcc/arm-none-eabi/7.2.1/../../../../arm-none-eabi/lib/thumb/v7e-m/fpv4-sp/softfp/crt0.o
LOAD ./CMSIS/EFM32PG12B/startup_gcc_efm32pg12b.o
LOAD ./CMSIS/EFM32PG12B/system_efm32pg12b.o
LOAD ./emlib/em_acmp.o
LOAD ./emlib/em_adc.o
LOAD ./emlib/em_aes.o
LOAD ./emlib/em_assert.o
LOAD ./emlib/em_burtc.o
LOAD ./emlib/em_can.o
LOAD ./emlib/em_cmu.o
LOAD ./emlib/em_core.o
LOAD ./emlib/em_cryotimer.o
LOAD ./emlib/em_crypto.o
LOAD ./emlib/em_csen.o
LOAD ./emlib/em_dac.o
LOAD ./emlib/em_dbg.o
LOAD ./emlib/em_dma.o
LOAD ./emlib/em_ebi.o
LOAD ./emlib/em_emu.o
LOAD ./emlib/em_gpcrc.o
LOAD ./emlib/em_gpio.o
LOAD ./emlib/em_i2c.o
LOAD ./emlib/em_iadc.o
LOAD ./emlib/em_idac.o
LOAD ./emlib/em_int.o
LOAD ./emlib/em_lcd.o
LOAD ./emlib/em_ldma.o
LOAD ./emlib/em_lesense.o
LOAD ./emlib/em_letimer.o
LOAD ./emlib/em_leuart.o
LOAD ./emlib/em_mpu.o
LOAD ./emlib/em_msc.o
LOAD ./emlib/em_opamp.o
LOAD ./emlib/em_pcnt.o
LOAD ./emlib/em_pdm.o
LOAD ./emlib/em_prs.o
LOAD ./emlib/em_qspi.o
LOAD ./emlib/em_rmu.o
LOAD ./emlib/em_rtc.o
LOAD ./emlib/em_rtcc.o
LOAD ./emlib/em_se.o
LOAD ./emlib/em_system.o
LOAD ./emlib/em_timer.o
LOAD ./emlib/em_usart.o
LOAD ./emlib/em_vcmp.o
LOAD ./emlib/em_vdac.o
LOAD ./emlib/em_wdog.o
LOAD ./src/Source_Files/app.o
LOAD ./src/Source_Files/capsense.o
LOAD ./src/Source_Files/cmu.o
LOAD ./src/Source_Files/gpio.o
LOAD ./src/Source_Files/main.o
START GROUP
LOAD /Applications/Simplicity Studio.app/Contents/Eclipse/developer/toolchains/gnu_arm/7.2_2017q4/bin/../lib/gcc/arm-none-eabi/7.2.1/thumb/v7e-m/fpv4-sp/softfp/libgcc.a
LOAD /Applications/Simplicity Studio.app/Contents/Eclipse/developer/toolchains/gnu_arm/7.2_2017q4/bin/../lib/gcc/arm-none-eabi/7.2.1/../../../../arm-none-eabi/lib/thumb/v7e-m/fpv4-sp/softfp/libc_nano.a
LOAD /Applications/Simplicity Studio.app/Contents/Eclipse/developer/toolchains/gnu_arm/7.2_2017q4/bin/../lib/gcc/arm-none-eabi/7.2.1/../../../../arm-none-eabi/lib/thumb/v7e-m/fpv4-sp/softfp/libnosys.a
END GROUP
START GROUP
LOAD /Applications/Simplicity Studio.app/Contents/Eclipse/developer/toolchains/gnu_arm/7.2_2017q4/bin/../lib/gcc/arm-none-eabi/7.2.1/thumb/v7e-m/fpv4-sp/softfp/libgcc.a
LOAD /Applications/Simplicity Studio.app/Contents/Eclipse/developer/toolchains/gnu_arm/7.2_2017q4/bin/../lib/gcc/arm-none-eabi/7.2.1/../../../../arm-none-eabi/lib/thumb/v7e-m/fpv4-sp/softfp/libg_nano.a
LOAD /Applications/Simplicity Studio.app/Contents/Eclipse/developer/toolchains/gnu_arm/7.2_2017q4/bin/../lib/gcc/arm-none-eabi/7.2.1/../../../../arm-none-eabi/lib/thumb/v7e-m/fpv4-sp/softfp/libc_nano.a
END GROUP
START GROUP
LOAD /Applications/Simplicity Studio.app/Contents/Eclipse/developer/toolchains/gnu_arm/7.2_2017q4/bin/../lib/gcc/arm-none-eabi/7.2.1/thumb/v7e-m/fpv4-sp/softfp/libgcc.a
LOAD /Applications/Simplicity Studio.app/Contents/Eclipse/developer/toolchains/gnu_arm/7.2_2017q4/bin/../lib/gcc/arm-none-eabi/7.2.1/../../../../arm-none-eabi/lib/thumb/v7e-m/fpv4-sp/softfp/libc_nano.a
END GROUP
LOAD /Applications/Simplicity Studio.app/Contents/Eclipse/developer/toolchains/gnu_arm/7.2_2017q4/bin/../lib/gcc/arm-none-eabi/7.2.1/thumb/v7e-m/fpv4-sp/softfp/crtend.o
LOAD /Applications/Simplicity Studio.app/Contents/Eclipse/developer/toolchains/gnu_arm/7.2_2017q4/bin/../lib/gcc/arm-none-eabi/7.2.1/thumb/v7e-m/fpv4-sp/softfp/crtn.o

.text           0x0000000000000000     0x2f64
 *(.vectors)
 .vectors       0x0000000000000000      0x10c ./CMSIS/EFM32PG12B/startup_gcc_efm32pg12b.o
                0x0000000000000000                __Vectors
                0x000000000000010c                __Vectors_End = .
                0x000000000000010c                __Vectors_Size = (__Vectors_End - __Vectors)
                0x000000000000010c                __end__ = .
 *(.text*)
 .text          0x000000000000010c       0x40 /Applications/Simplicity Studio.app/Contents/Eclipse/developer/toolchains/gnu_arm/7.2_2017q4/bin/../lib/gcc/arm-none-eabi/7.2.1/thumb/v7e-m/fpv4-sp/softfp/crtbegin.o
 .text          0x000000000000014c       0x74 /Applications/Simplicity Studio.app/Contents/Eclipse/developer/toolchains/gnu_arm/7.2_2017q4/bin/../lib/gcc/arm-none-eabi/7.2.1/../../../../arm-none-eabi/lib/thumb/v7e-m/fpv4-sp/softfp/crt0.o
                0x000000000000014c                _mainCRTStartup
                0x000000000000014c                _start
 .text          0x00000000000001c0       0x30 ./CMSIS/EFM32PG12B/startup_gcc_efm32pg12b.o
                0x00000000000001c0                Reset_Handler
                0x00000000000001ec                USART0_TX_IRQHandler
                0x00000000000001ec                I2C0_IRQHandler
                0x00000000000001ec                HardFault_Handler
                0x00000000000001ec                USART1_RX_IRQHandler
                0x00000000000001ec                PendSV_Handler
                0x00000000000001ec                NMI_Handler
                0x00000000000001ec                I2C1_IRQHandler
                0x00000000000001ec                WTIMER0_IRQHandler
                0x00000000000001ec                CRYPTO0_IRQHandler
                0x00000000000001ec                WDOG0_IRQHandler
                0x00000000000001ec                USART1_TX_IRQHandler
                0x00000000000001ec                SMU_IRQHandler
                0x00000000000001ec                MSC_IRQHandler
                0x00000000000001ec                ADC0_IRQHandler
                0x00000000000001ec                UsageFault_Handler
                0x00000000000001ec                WDOG1_IRQHandler
                0x00000000000001ec                LEUART0_IRQHandler
                0x00000000000001ec                FPUEH_IRQHandler
                0x00000000000001ec                WTIMER1_IRQHandler
                0x00000000000001ec                VDAC0_IRQHandler
                0x00000000000001ec                LDMA_IRQHandler
                0x00000000000001ec                CSEN_IRQHandler
                0x00000000000001ec                CRYPTO1_IRQHandler
                0x00000000000001ec                PCNT2_IRQHandler
                0x00000000000001ec                LETIMER0_IRQHandler
                0x00000000000001ec                TIMER1_IRQHandler
                0x00000000000001ec                TRNG0_IRQHandler
                0x00000000000001ec                USART2_RX_IRQHandler
                0x00000000000001ec                Default_Handler
                0x00000000000001ec                EMU_IRQHandler
                0x00000000000001ec                CRYOTIMER_IRQHandler
                0x00000000000001ec                PCNT0_IRQHandler
                0x00000000000001ec                PCNT1_IRQHandler
                0x00000000000001ec                ACMP0_IRQHandler
                0x00000000000001ec                USART0_RX_IRQHandler
                0x00000000000001ec                MemManage_Handler
                0x00000000000001ec                SVC_Handler
                0x00000000000001ec                USART3_RX_IRQHandler
                0x00000000000001ec                RTCC_IRQHandler
                0x00000000000001ec                CMU_IRQHandler
                0x00000000000001ec                LESENSE_IRQHandler
                0x00000000000001ec                USART3_TX_IRQHandler
                0x00000000000001ec                BusFault_Handler
                0x00000000000001ec                USART2_TX_IRQHandler
                0x00000000000001ec                DebugMon_Handler
                0x00000000000001ec                IDAC0_IRQHandler
 .text.SystemCoreClockGet
                0x00000000000001f0       0x40 ./CMSIS/EFM32PG12B/system_efm32pg12b.o
                0x00000000000001f0                SystemCoreClockGet
 .text.SystemMaxCoreClockGet
                0x0000000000000230       0x14 ./CMSIS/EFM32PG12B/system_efm32pg12b.o
                0x0000000000000230                SystemMaxCoreClockGet
 .text.SystemHFClockGet
                0x0000000000000244       0x70 ./CMSIS/EFM32PG12B/system_efm32pg12b.o
                0x0000000000000244                SystemHFClockGet
 .text.SystemHFXOClockGet
                0x00000000000002b4       0x18 ./CMSIS/EFM32PG12B/system_efm32pg12b.o
                0x00000000000002b4                SystemHFXOClockGet
 .text.SystemInit
                0x00000000000002cc       0x2c ./CMSIS/EFM32PG12B/system_efm32pg12b.o
                0x00000000000002cc                SystemInit
 .text.SystemLFRCOClockGet
                0x00000000000002f8       0x12 ./CMSIS/EFM32PG12B/system_efm32pg12b.o
                0x00000000000002f8                SystemLFRCOClockGet
 .text.SystemULFRCOClockGet
                0x000000000000030a       0x12 ./CMSIS/EFM32PG12B/system_efm32pg12b.o
                0x000000000000030a                SystemULFRCOClockGet
 .text.SystemLFXOClockGet
                0x000000000000031c       0x18 ./CMSIS/EFM32PG12B/system_efm32pg12b.o
                0x000000000000031c                SystemLFXOClockGet
 .text.BUS_RegBitWrite
                0x0000000000000334       0x2e ./emlib/em_acmp.o
 .text.BUS_RegMaskedSet
                0x0000000000000362       0x24 ./emlib/em_acmp.o
 .text.BUS_RegMaskedClear
                0x0000000000000386       0x24 ./emlib/em_acmp.o
 .text.BUS_RegMaskedWrite
                0x00000000000003aa       0x24 ./emlib/em_acmp.o
 *fill*         0x00000000000003ce        0x2 
 .text.ACMP_CapsenseInit
                0x00000000000003d0       0x80 ./emlib/em_acmp.o
                0x00000000000003d0                ACMP_CapsenseInit
 .text.ACMP_CapsenseChannelSet
                0x0000000000000450       0x38 ./emlib/em_acmp.o
                0x0000000000000450                ACMP_CapsenseChannelSet
 .text.ACMP_Disable
                0x0000000000000488       0x34 ./emlib/em_acmp.o
                0x0000000000000488                ACMP_Disable
 .text.ACMP_Enable
                0x00000000000004bc       0x34 ./emlib/em_acmp.o
                0x00000000000004bc                ACMP_Enable
 .text.BUS_RegBitWrite
                0x00000000000004f0       0x2e ./emlib/em_cmu.o
 .text.BUS_RegBitRead
                0x000000000000051e       0x2a ./emlib/em_cmu.o
 .text.SL_Log2ToDiv
                0x0000000000000548       0x1c ./emlib/em_cmu.o
 .text.CMU_Log2ToDiv
                0x0000000000000564       0x18 ./emlib/em_cmu.o
 .text.EMU_VScaleWait
                0x000000000000057c       0x1c ./emlib/em_cmu.o
 .text.EMU_VScaleGet
                0x0000000000000598       0x1c ./emlib/em_cmu.o
 .text.setHfLeConfig
                0x00000000000005b4       0x64 ./emlib/em_cmu.o
 .text.auxClkGet
                0x0000000000000618       0x20 ./emlib/em_cmu.o
 .text.hfSrcClkGet
                0x0000000000000638       0x2c ./emlib/em_cmu.o
 .text.dbgClkGet
                0x0000000000000664       0x40 ./emlib/em_cmu.o
 .text.adcAsyncClkGet
                0x00000000000006a4       0x80 ./emlib/em_cmu.o
 .text.flashWaitStateControl
                0x0000000000000724       0x8c ./emlib/em_cmu.o
 .text.flashWaitStateMax
                0x00000000000007b0       0x44 ./emlib/em_cmu.o
 .text.CMU_UpdateWaitStates
                0x00000000000007f4       0x40 ./emlib/em_cmu.o
                0x00000000000007f4                CMU_UpdateWaitStates
 .text.getRegIshUpperVal
                0x0000000000000834       0x36 ./emlib/em_cmu.o
 *fill*         0x000000000000086a        0x2 
 .text.getHfxoTuningMode
                0x000000000000086c       0x1c ./emlib/em_cmu.o
 .text.setHfxoTuningMode
                0x0000000000000888       0x2c ./emlib/em_cmu.o
 .text.lfClkGet
                0x00000000000008b4       0xf4 ./emlib/em_cmu.o
 .text.syncReg  0x00000000000009a8       0x38 ./emlib/em_cmu.o
 .text.hfperClkSafePrescaler
                0x00000000000009e0        0xe ./emlib/em_cmu.o
 .text.hfperClkOptimizedPrescaler
                0x00000000000009ee        0xe ./emlib/em_cmu.o
 .text.CMU_ClockEnable
                0x00000000000009fc       0xcc ./emlib/em_cmu.o
                0x00000000000009fc                CMU_ClockEnable
 .text.CMU_ClockFreqGet
                0x0000000000000ac8      0x20c ./emlib/em_cmu.o
                0x0000000000000ac8                CMU_ClockFreqGet
 .text.CMU_ClockSelectGet
                0x0000000000000cd4      0x1c0 ./emlib/em_cmu.o
                0x0000000000000cd4                CMU_ClockSelectGet
 .text.CMU_ClockSelectSet
                0x0000000000000e94      0x2f0 ./emlib/em_cmu.o
                0x0000000000000e94                CMU_ClockSelectSet
 .text.CMU_HFRCOBandGet
                0x0000000000001184       0x18 ./emlib/em_cmu.o
                0x0000000000001184                CMU_HFRCOBandGet
 .text.CMU_HFXOInit
                0x000000000000119c       0xe4 ./emlib/em_cmu.o
                0x000000000000119c                CMU_HFXOInit
 .text.CMU_OscillatorEnable
                0x0000000000001280      0x1a0 ./emlib/em_cmu.o
                0x0000000000001280                CMU_OscillatorEnable
 .text.CMU_OscillatorTuningGet
                0x0000000000001420       0x74 ./emlib/em_cmu.o
                0x0000000000001420                CMU_OscillatorTuningGet
 .text.CMU_OscillatorTuningSet
                0x0000000000001494      0x100 ./emlib/em_cmu.o
                0x0000000000001494                CMU_OscillatorTuningSet
 .text.CMU_OscillatorTuningWait
                0x0000000000001594       0x94 ./emlib/em_cmu.o
                0x0000000000001594                CMU_OscillatorTuningWait
 .text.CMU_OscillatorTuningOptimize
                0x0000000000001628       0x58 ./emlib/em_cmu.o
                0x0000000000001628                CMU_OscillatorTuningOptimize
 .text.BUS_RegBitWrite
                0x0000000000001680       0x2e ./emlib/em_emu.o
 .text.BUS_RegBitRead
                0x00000000000016ae       0x2a ./emlib/em_emu.o
 .text.EMU_VScaleWait
                0x00000000000016d8       0x1c ./emlib/em_emu.o
 .text.EMU_VScaleGet
                0x00000000000016f4       0x1c ./emlib/em_emu.o
 .text.EMU_IntClear
                0x0000000000001710       0x20 ./emlib/em_emu.o
 .text.EMU_IntGet
                0x0000000000001730       0x18 ./emlib/em_emu.o
 .text.vScaleEM01Cmd
                0x0000000000001748       0x22 ./emlib/em_emu.o
 *fill*         0x000000000000176a        0x2 
 .text.EMU_VScaleEM01ByClock
                0x000000000000176c       0x70 ./emlib/em_emu.o
                0x000000000000176c                EMU_VScaleEM01ByClock
 .text.EMU_VScaleEM01
                0x00000000000017dc       0x88 ./emlib/em_emu.o
                0x00000000000017dc                EMU_VScaleEM01
 .text.dcdcConstCalibrationLoad
                0x0000000000001864       0x10 ./emlib/em_emu.o
 .text.dcdcValidatedConfigSet
                0x0000000000001874       0x40 ./emlib/em_emu.o
 .text.currentLimitersUpdate
                0x00000000000018b4       0xe8 ./emlib/em_emu.o
 .text.userCurrentLimitsSet
                0x000000000000199c       0x30 ./emlib/em_emu.o
 .text.compCtrlSet
                0x00000000000019cc       0x40 ./emlib/em_emu.o
 .text.lpCmpHystCalibrationLoad
                0x0000000000001a0c       0xd0 ./emlib/em_emu.o
 .text.lpGetDevinfoVrefLowHigh
                0x0000000000001adc      0x158 ./emlib/em_emu.o
 .text.EMU_DCDCModeSet
                0x0000000000001c34       0xf0 ./emlib/em_emu.o
                0x0000000000001c34                EMU_DCDCModeSet
 .text.EMU_DCDCInit
                0x0000000000001d24      0x138 ./emlib/em_emu.o
                0x0000000000001d24                EMU_DCDCInit
 .text.EMU_DCDCOutputVoltageSet
                0x0000000000001e5c      0x2ac ./emlib/em_emu.o
                0x0000000000001e5c                EMU_DCDCOutputVoltageSet
 .text.EMU_DCDCOptimizeSlice
                0x0000000000002108       0xd8 ./emlib/em_emu.o
                0x0000000000002108                EMU_DCDCOptimizeSlice
 .text.EMU_DCDCLnRcoBandSet
                0x00000000000021e0       0x54 ./emlib/em_emu.o
                0x00000000000021e0                EMU_DCDCLnRcoBandSet
 .text.BUS_RegMaskedSet
                0x0000000000002234       0x24 ./emlib/em_gpio.o
 .text.BUS_RegMaskedClear
                0x0000000000002258       0x24 ./emlib/em_gpio.o
 .text.BUS_RegMaskedWrite
                0x000000000000227c       0x24 ./emlib/em_gpio.o
 .text.GPIO_PinOutClear
                0x00000000000022a0       0x78 ./emlib/em_gpio.o
 .text.GPIO_PinOutSet
                0x0000000000002318       0x78 ./emlib/em_gpio.o
 .text.GPIO_DriveStrengthSet
                0x0000000000002390       0x7e ./emlib/em_gpio.o
                0x0000000000002390                GPIO_DriveStrengthSet
 *fill*         0x000000000000240e        0x2 
 .text.GPIO_PinModeSet
                0x0000000000002410      0x138 ./emlib/em_gpio.o
                0x0000000000002410                GPIO_PinModeSet
 .text.app_peripheral_setup
                0x0000000000002548       0x10 ./src/Source_Files/app.o
                0x0000000000002548                app_peripheral_setup
 .text.__NVIC_EnableIRQ
                0x0000000000002558       0x3c ./src/Source_Files/capsense.o
 .text.EMU_EnterEM1
                0x0000000000002594       0x20 ./src/Source_Files/capsense.o
 .text.TIMER0_IRQHandler
                0x00000000000025b4       0x7c ./src/Source_Files/capsense.o
                0x00000000000025b4                TIMER0_IRQHandler
 .text.CAPSENSE_getPressed
                0x0000000000002630       0x4c ./src/Source_Files/capsense.o
                0x0000000000002630                CAPSENSE_getPressed
 .text.CAPSENSE_Measure
                0x000000000000267c       0x60 ./src/Source_Files/capsense.o
 .text.CAPSENSE_Sense
                0x00000000000026dc       0x54 ./src/Source_Files/capsense.o
                0x00000000000026dc                CAPSENSE_Sense
 .text.CAPSENSE_Init
                0x0000000000002730       0xc0 ./src/Source_Files/capsense.o
                0x0000000000002730                CAPSENSE_Init
 .text.cmu_open
                0x00000000000027f0       0x14 ./src/Source_Files/cmu.o
                0x00000000000027f0                cmu_open
 .text.GPIO_IntClear
                0x0000000000002804       0x20 ./src/Source_Files/gpio.o
 .text.GPIO_IntGet
                0x0000000000002824       0x18 ./src/Source_Files/gpio.o
 .text.gpio_open
                0x000000000000283c       0x4c ./src/Source_Files/gpio.o
                0x000000000000283c                gpio_open
 .text.GPIO_Unified_IRQ
                0x0000000000002888       0x26 ./src/Source_Files/gpio.o
                0x0000000000002888                GPIO_Unified_IRQ
 .text.GPIO_EVEN_IRQHandler
                0x00000000000028ae        0xc ./src/Source_Files/gpio.o
                0x00000000000028ae                GPIO_EVEN_IRQHandler
 .text.GPIO_ODD_IRQHandler
                0x00000000000028ba        0xc ./src/Source_Files/gpio.o
                0x00000000000028ba                GPIO_ODD_IRQHandler
 *fill*         0x00000000000028c6        0x2 
 .text.__NVIC_SetPriority
                0x00000000000028c8       0x54 ./src/Source_Files/main.o
 .text.SysTick_Config
                0x000000000000291c       0x44 ./src/Source_Files/main.o
 .text.SYSTEM_GetProdRev
                0x0000000000002960       0x1c ./src/Source_Files/main.o
 .text.BUS_RegBitRead
                0x000000000000297c       0x2a ./src/Source_Files/main.o
 .text.BUS_RegMaskedSet
                0x00000000000029a6       0x24 ./src/Source_Files/main.o
 .text.BUS_RegMaskedClear
                0x00000000000029ca       0x24 ./src/Source_Files/main.o
 .text.GPIO_PinInGet
                0x00000000000029ee       0x72 ./src/Source_Files/main.o
 .text.GPIO_PinOutClear
                0x0000000000002a60       0x78 ./src/Source_Files/main.o
 .text.GPIO_PinOutSet
                0x0000000000002ad8       0x78 ./src/Source_Files/main.o
 .text.CHIP_Init
                0x0000000000002b50       0x74 ./src/Source_Files/main.o
 .text.driveLEDs
                0x0000000000002bc4       0xb8 ./src/Source_Files/main.o
                0x0000000000002bc4                driveLEDs
 .text.Delay    0x0000000000002c7c       0x30 ./src/Source_Files/main.o
 .text.SysTick_Handler
                0x0000000000002cac       0x1c ./src/Source_Files/main.o
                0x0000000000002cac                SysTick_Handler
 .text.sample_button0
                0x0000000000002cc8       0x28 ./src/Source_Files/main.o
                0x0000000000002cc8                sample_button0
 .text.sample_button1
                0x0000000000002cf0       0x28 ./src/Source_Files/main.o
                0x0000000000002cf0                sample_button1
 .text.sampleslider
                0x0000000000002d18       0xac ./src/Source_Files/main.o
                0x0000000000002d18                sampleslider
 .text.main     0x0000000000002dc4       0x94 ./src/Source_Files/main.o
                0x0000000000002dc4                main
 .text.exit     0x0000000000002e58       0x28 /Applications/Simplicity Studio.app/Contents/Eclipse/developer/toolchains/gnu_arm/7.2_2017q4/bin/../lib/gcc/arm-none-eabi/7.2.1/../../../../arm-none-eabi/lib/thumb/v7e-m/fpv4-sp/softfp/libc_nano.a(lib_a-exit.o)
                0x0000000000002e58                exit
 .text.__libc_init_array
                0x0000000000002e80       0x48 /Applications/Simplicity Studio.app/Contents/Eclipse/developer/toolchains/gnu_arm/7.2_2017q4/bin/../lib/gcc/arm-none-eabi/7.2.1/../../../../arm-none-eabi/lib/thumb/v7e-m/fpv4-sp/softfp/libc_nano.a(lib_a-init.o)
                0x0000000000002e80                __libc_init_array
 .text.memset   0x0000000000002ec8       0x10 /Applications/Simplicity Studio.app/Contents/Eclipse/developer/toolchains/gnu_arm/7.2_2017q4/bin/../lib/gcc/arm-none-eabi/7.2.1/../../../../arm-none-eabi/lib/thumb/v7e-m/fpv4-sp/softfp/libc_nano.a(lib_a-memset.o)
                0x0000000000002ec8                memset
 .text._exit    0x0000000000002ed8        0x4 /Applications/Simplicity Studio.app/Contents/Eclipse/developer/toolchains/gnu_arm/7.2_2017q4/bin/../lib/gcc/arm-none-eabi/7.2.1/../../../../arm-none-eabi/lib/thumb/v7e-m/fpv4-sp/softfp/libnosys.a(_exit.o)
                0x0000000000002ed8                _exit
 *(.init)
 .init          0x0000000000002edc        0x4 /Applications/Simplicity Studio.app/Contents/Eclipse/developer/toolchains/gnu_arm/7.2_2017q4/bin/../lib/gcc/arm-none-eabi/7.2.1/thumb/v7e-m/fpv4-sp/softfp/crti.o
                0x0000000000002edc                _init
 .init          0x0000000000002ee0        0x8 /Applications/Simplicity Studio.app/Contents/Eclipse/developer/toolchains/gnu_arm/7.2_2017q4/bin/../lib/gcc/arm-none-eabi/7.2.1/thumb/v7e-m/fpv4-sp/softfp/crtn.o
 *(.fini)
 .fini          0x0000000000002ee8        0x4 /Applications/Simplicity Studio.app/Contents/Eclipse/developer/toolchains/gnu_arm/7.2_2017q4/bin/../lib/gcc/arm-none-eabi/7.2.1/thumb/v7e-m/fpv4-sp/softfp/crti.o
                0x0000000000002ee8                _fini
 .fini          0x0000000000002eec        0x8 /Applications/Simplicity Studio.app/Contents/Eclipse/developer/toolchains/gnu_arm/7.2_2017q4/bin/../lib/gcc/arm-none-eabi/7.2.1/thumb/v7e-m/fpv4-sp/softfp/crtn.o
 *crtbegin.o(.ctors)
 *crtbegin?.o(.ctors)
 *(EXCLUDE_FILE(*crtend.o *crtend?.o) .ctors)
 *(SORT_BY_NAME(.ctors.*))
 *(.ctors)
 *crtbegin.o(.dtors)
 *crtbegin?.o(.dtors)
 *(EXCLUDE_FILE(*crtend.o *crtend?.o) .dtors)
 *(SORT_BY_NAME(.dtors.*))
 *(.dtors)
 *(.rodata*)
 .rodata.flashWsTable
                0x0000000000002ef4       0x28 ./emlib/em_cmu.o
 .rodata.channelList
                0x0000000000002f1c        0x4 ./src/Source_Files/capsense.o
 .rodata        0x0000000000002f20       0x18 ./src/Source_Files/capsense.o
 .rodata        0x0000000000002f38       0x22 ./src/Source_Files/main.o
 *fill*         0x0000000000002f5a        0x2 
 .rodata._global_impure_ptr
                0x0000000000002f5c        0x4 /Applications/Simplicity Studio.app/Contents/Eclipse/developer/toolchains/gnu_arm/7.2_2017q4/bin/../lib/gcc/arm-none-eabi/7.2.1/../../../../arm-none-eabi/lib/thumb/v7e-m/fpv4-sp/softfp/libc_nano.a(lib_a-impure.o)
                0x0000000000002f5c                _global_impure_ptr
 *(.eh_frame*)
 .eh_frame      0x0000000000002f60        0x0 /Applications/Simplicity Studio.app/Contents/Eclipse/developer/toolchains/gnu_arm/7.2_2017q4/bin/../lib/gcc/arm-none-eabi/7.2.1/thumb/v7e-m/fpv4-sp/softfp/crtbegin.o
 .eh_frame      0x0000000000002f60        0x4 /Applications/Simplicity Studio.app/Contents/Eclipse/developer/toolchains/gnu_arm/7.2_2017q4/bin/../lib/gcc/arm-none-eabi/7.2.1/thumb/v7e-m/fpv4-sp/softfp/crtend.o

.glue_7         0x0000000000002f64        0x0
 .glue_7        0x0000000000002f64        0x0 linker stubs

.glue_7t        0x0000000000002f64        0x0
 .glue_7t       0x0000000000002f64        0x0 linker stubs

.vfp11_veneer   0x0000000000002f64        0x0
 .vfp11_veneer  0x0000000000002f64        0x0 linker stubs

.v4_bx          0x0000000000002f64        0x0
 .v4_bx         0x0000000000002f64        0x0 linker stubs

.iplt           0x0000000000002f64        0x0
 .iplt          0x0000000000002f64        0x0 /Applications/Simplicity Studio.app/Contents/Eclipse/developer/toolchains/gnu_arm/7.2_2017q4/bin/../lib/gcc/arm-none-eabi/7.2.1/thumb/v7e-m/fpv4-sp/softfp/crtbegin.o

.ARM.extab
 *(.ARM.extab* .gnu.linkonce.armextab.*)
                0x0000000000002f64                __exidx_start = .

.ARM.exidx      0x0000000000002f64        0x8
 *(.ARM.exidx* .gnu.linkonce.armexidx.*)
 .ARM.exidx     0x0000000000002f64        0x8 /Applications/Simplicity Studio.app/Contents/Eclipse/developer/toolchains/gnu_arm/7.2_2017q4/bin/../lib/gcc/arm-none-eabi/7.2.1/../../../../arm-none-eabi/lib/thumb/v7e-m/fpv4-sp/softfp/crt0.o
                0x0000000000002f6c                __exidx_end = .
                0x0000000000002f6c                __etext = .

.rel.dyn        0x0000000000002f6c        0x0
 .rel.iplt      0x0000000000002f6c        0x0 /Applications/Simplicity Studio.app/Contents/Eclipse/developer/toolchains/gnu_arm/7.2_2017q4/bin/../lib/gcc/arm-none-eabi/7.2.1/thumb/v7e-m/fpv4-sp/softfp/crtbegin.o

.data           0x0000000020000000       0x7c load address 0x0000000000002f6c
                0x0000000020000000                __data_start__ = .
 *(vtable)
 *(.data*)
 .data.SystemHFXOClock
                0x0000000020000000        0x4 ./CMSIS/EFM32PG12B/system_efm32pg12b.o
 .data.SystemLFXOClock
                0x0000000020000004        0x4 ./CMSIS/EFM32PG12B/system_efm32pg12b.o
 .data.SystemCoreClock
                0x0000000020000008        0x4 ./CMSIS/EFM32PG12B/system_efm32pg12b.o
                0x0000000020000008                SystemCoreClock
 .data.SystemHfrcoFreq
                0x000000002000000c        0x4 ./CMSIS/EFM32PG12B/system_efm32pg12b.o
                0x000000002000000c                SystemHfrcoFreq
 .data.auxHfrcoFreq
                0x0000000020000010        0x4 ./emlib/em_cmu.o
 .data.impure_data
                0x0000000020000014       0x60 /Applications/Simplicity Studio.app/Contents/Eclipse/developer/toolchains/gnu_arm/7.2_2017q4/bin/../lib/gcc/arm-none-eabi/7.2.1/../../../../arm-none-eabi/lib/thumb/v7e-m/fpv4-sp/softfp/libc_nano.a(lib_a-impure.o)
                0x0000000020000074                . = ALIGN (0x4)
 *(.ram)
                0x0000000020000074                . = ALIGN (0x4)
                0x0000000020000074                PROVIDE (__preinit_array_start, .)
 *(.preinit_array)
                0x0000000020000074                PROVIDE (__preinit_array_end, .)
                0x0000000020000074                . = ALIGN (0x4)
                0x0000000020000074                PROVIDE (__init_array_start, .)
 *(SORT_BY_NAME(.init_array.*))
 *(.init_array)
 .init_array    0x0000000020000074        0x4 /Applications/Simplicity Studio.app/Contents/Eclipse/developer/toolchains/gnu_arm/7.2_2017q4/bin/../lib/gcc/arm-none-eabi/7.2.1/thumb/v7e-m/fpv4-sp/softfp/crtbegin.o
                0x0000000020000078                PROVIDE (__init_array_end, .)
                0x0000000020000078                . = ALIGN (0x4)
                [!provide]                        PROVIDE (__fini_array_start, .)
 *(SORT_BY_NAME(.fini_array.*))
 *(.fini_array)
 .fini_array    0x0000000020000078        0x4 /Applications/Simplicity Studio.app/Contents/Eclipse/developer/toolchains/gnu_arm/7.2_2017q4/bin/../lib/gcc/arm-none-eabi/7.2.1/thumb/v7e-m/fpv4-sp/softfp/crtbegin.o
                [!provide]                        PROVIDE (__fini_array_end, .)
 *(.jcr*)
                0x000000002000007c                . = ALIGN (0x4)
                0x000000002000007c                __data_end__ = .

.igot.plt       0x000000002000007c        0x0 load address 0x0000000000002fe8
 .igot.plt      0x000000002000007c        0x0 /Applications/Simplicity Studio.app/Contents/Eclipse/developer/toolchains/gnu_arm/7.2_2017q4/bin/../lib/gcc/arm-none-eabi/7.2.1/thumb/v7e-m/fpv4-sp/softfp/crtbegin.o

.bss            0x000000002000007c       0x50 load address 0x0000000000002fe8
                0x000000002000007c                . = ALIGN (0x4)
                0x000000002000007c                __bss_start__ = .
 *(.bss*)
 .bss           0x000000002000007c       0x1c /Applications/Simplicity Studio.app/Contents/Eclipse/developer/toolchains/gnu_arm/7.2_2017q4/bin/../lib/gcc/arm-none-eabi/7.2.1/thumb/v7e-m/fpv4-sp/softfp/crtbegin.o
 .bss.dcdcMaxCurrent_mA
                0x0000000020000098        0x2 ./emlib/em_emu.o
 .bss.dcdcEm01LoadCurrent_mA
                0x000000002000009a        0x2 ./emlib/em_emu.o
 .bss.dcdcReverseCurrentControl
                0x000000002000009c        0x2 ./emlib/em_emu.o
 *fill*         0x000000002000009e        0x2 
 .bss.vScaleEM01Config
                0x00000000200000a0        0x1 ./emlib/em_emu.o
 .bss.currentChannel
                0x00000000200000a1        0x1 ./src/Source_Files/capsense.o
 .bss.measurementComplete
                0x00000000200000a2        0x1 ./src/Source_Files/capsense.o
 *fill*         0x00000000200000a3        0x1 
 .bss.channelValues
                0x00000000200000a4       0x10 ./src/Source_Files/capsense.o
 .bss.channelMaxValues
                0x00000000200000b4       0x10 ./src/Source_Files/capsense.o
 .bss.msTicks   0x00000000200000c4        0x4 ./src/Source_Files/main.o
 .bss.BUTTON0PRESSED
                0x00000000200000c8        0x1 ./src/Source_Files/main.o
                0x00000000200000c8                BUTTON0PRESSED
 .bss.BUTTON1PRESSED
                0x00000000200000c9        0x1 ./src/Source_Files/main.o
                0x00000000200000c9                BUTTON1PRESSED
 .bss.SLIDERLEFT
                0x00000000200000ca        0x1 ./src/Source_Files/main.o
                0x00000000200000ca                SLIDERLEFT
 .bss.SLIDERRIGHT
                0x00000000200000cb        0x1 ./src/Source_Files/main.o
                0x00000000200000cb                SLIDERRIGHT
 *(COMMON)
                0x00000000200000cc                . = ALIGN (0x4)
                0x00000000200000cc                __bss_end__ = .

.heap           0x00000000200000d0      0xc00
                0x00000000200000d0                __HeapBase = .
                0x00000000200000d0                __end__ = .
                0x00000000200000d0                end = __end__
                0x00000000200000d0                _end = __end__
 *(.heap*)
 .heap          0x00000000200000d0      0xc00 ./CMSIS/EFM32PG12B/startup_gcc_efm32pg12b.o
                0x0000000020000cd0                __HeapLimit = .

.stack_dummy    0x00000000200000d0      0x400
 *(.stack*)
 .stack         0x00000000200000d0      0x400 ./CMSIS/EFM32PG12B/startup_gcc_efm32pg12b.o
                0x0000000020040000                __StackTop = (ORIGIN (RAM) + LENGTH (RAM))
                0x000000002003fc00                __StackLimit = (__StackTop - SIZEOF (.stack_dummy))
                0x0000000020040000                PROVIDE (__stack, __StackTop)
                0x0000000000000001                ASSERT ((__StackLimit >= __HeapLimit), region RAM overflowed with stack)
                0x0000000000000001                ASSERT ((LENGTH (FLASH) >= (__etext + SIZEOF (.data))), FLASH memory overflowed !)
OUTPUT(RTOS_Lab2_GPIO_Timers_Interrupts.axf elf32-littlearm)

.ARM.attributes
                0x0000000000000000       0x2e
 .ARM.attributes
                0x0000000000000000       0x22 /Applications/Simplicity Studio.app/Contents/Eclipse/developer/toolchains/gnu_arm/7.2_2017q4/bin/../lib/gcc/arm-none-eabi/7.2.1/thumb/v7e-m/fpv4-sp/softfp/crti.o
 .ARM.attributes
                0x0000000000000022       0x32 /Applications/Simplicity Studio.app/Contents/Eclipse/developer/toolchains/gnu_arm/7.2_2017q4/bin/../lib/gcc/arm-none-eabi/7.2.1/thumb/v7e-m/fpv4-sp/softfp/crtbegin.o
 .ARM.attributes
                0x0000000000000054       0x20 /Applications/Simplicity Studio.app/Contents/Eclipse/developer/toolchains/gnu_arm/7.2_2017q4/bin/../lib/gcc/arm-none-eabi/7.2.1/../../../../arm-none-eabi/lib/thumb/v7e-m/fpv4-sp/softfp/crt0.o
 .ARM.attributes
                0x0000000000000074       0x1f ./CMSIS/EFM32PG12B/startup_gcc_efm32pg12b.o
 .ARM.attributes
                0x0000000000000093       0x37 ./CMSIS/EFM32PG12B/system_efm32pg12b.o
 .ARM.attributes
                0x00000000000000ca       0x37 ./emlib/em_acmp.o
 .ARM.attributes
                0x0000000000000101       0x37 ./emlib/em_cmu.o
 .ARM.attributes
                0x0000000000000138       0x37 ./emlib/em_emu.o
 .ARM.attributes
                0x000000000000016f       0x37 ./emlib/em_gpio.o
 .ARM.attributes
                0x00000000000001a6       0x37 ./src/Source_Files/app.o
 .ARM.attributes
                0x00000000000001dd       0x37 ./src/Source_Files/capsense.o
 .ARM.attributes
                0x0000000000000214       0x37 ./src/Source_Files/cmu.o
 .ARM.attributes
                0x000000000000024b       0x37 ./src/Source_Files/gpio.o
 .ARM.attributes
                0x0000000000000282       0x37 ./src/Source_Files/main.o
 .ARM.attributes
                0x00000000000002b9       0x32 /Applications/Simplicity Studio.app/Contents/Eclipse/developer/toolchains/gnu_arm/7.2_2017q4/bin/../lib/gcc/arm-none-eabi/7.2.1/../../../../arm-none-eabi/lib/thumb/v7e-m/fpv4-sp/softfp/libc_nano.a(lib_a-exit.o)
 .ARM.attributes
                0x00000000000002eb       0x32 /Applications/Simplicity Studio.app/Contents/Eclipse/developer/toolchains/gnu_arm/7.2_2017q4/bin/../lib/gcc/arm-none-eabi/7.2.1/../../../../arm-none-eabi/lib/thumb/v7e-m/fpv4-sp/softfp/libc_nano.a(lib_a-impure.o)
 .ARM.attributes
                0x000000000000031d       0x32 /Applications/Simplicity Studio.app/Contents/Eclipse/developer/toolchains/gnu_arm/7.2_2017q4/bin/../lib/gcc/arm-none-eabi/7.2.1/../../../../arm-none-eabi/lib/thumb/v7e-m/fpv4-sp/softfp/libc_nano.a(lib_a-init.o)
 .ARM.attributes
                0x000000000000034f       0x32 /Applications/Simplicity Studio.app/Contents/Eclipse/developer/toolchains/gnu_arm/7.2_2017q4/bin/../lib/gcc/arm-none-eabi/7.2.1/../../../../arm-none-eabi/lib/thumb/v7e-m/fpv4-sp/softfp/libc_nano.a(lib_a-memset.o)
 .ARM.attributes
                0x0000000000000381       0x32 /Applications/Simplicity Studio.app/Contents/Eclipse/developer/toolchains/gnu_arm/7.2_2017q4/bin/../lib/gcc/arm-none-eabi/7.2.1/../../../../arm-none-eabi/lib/thumb/v7e-m/fpv4-sp/softfp/libnosys.a(_exit.o)
 .ARM.attributes
                0x00000000000003b3       0x32 /Applications/Simplicity Studio.app/Contents/Eclipse/developer/toolchains/gnu_arm/7.2_2017q4/bin/../lib/gcc/arm-none-eabi/7.2.1/thumb/v7e-m/fpv4-sp/softfp/crtend.o
 .ARM.attributes
                0x00000000000003e5       0x22 /Applications/Simplicity Studio.app/Contents/Eclipse/developer/toolchains/gnu_arm/7.2_2017q4/bin/../lib/gcc/arm-none-eabi/7.2.1/thumb/v7e-m/fpv4-sp/softfp/crtn.o

.comment        0x0000000000000000       0x7e
 .comment       0x0000000000000000       0x7e ./CMSIS/EFM32PG12B/system_efm32pg12b.o
                                         0x7f (size before relaxing)
 .comment       0x000000000000007e       0x7f ./emlib/em_acmp.o
 .comment       0x000000000000007e       0x7f ./emlib/em_cmu.o
 .comment       0x000000000000007e       0x7f ./emlib/em_emu.o
 .comment       0x000000000000007e       0x7f ./emlib/em_gpio.o
 .comment       0x000000000000007e       0x7f ./src/Source_Files/app.o
 .comment       0x000000000000007e       0x7f ./src/Source_Files/capsense.o
 .comment       0x000000000000007e       0x7f ./src/Source_Files/cmu.o
 .comment       0x000000000000007e       0x7f ./src/Source_Files/gpio.o
 .comment       0x000000000000007e       0x7f ./src/Source_Files/main.o

.debug_line     0x0000000000000000     0x7d90
 .debug_line    0x0000000000000000       0x78 ./CMSIS/EFM32PG12B/startup_gcc_efm32pg12b.o
 .debug_line    0x0000000000000078      0x90f ./CMSIS/EFM32PG12B/system_efm32pg12b.o
 .debug_line    0x0000000000000987      0xaba ./emlib/em_acmp.o
 .debug_line    0x0000000000001441     0x136d ./emlib/em_cmu.o
 .debug_line    0x00000000000027ae     0x138a ./emlib/em_emu.o
 .debug_line    0x0000000000003b38      0xb98 ./emlib/em_gpio.o
 .debug_line    0x00000000000046d0      0x967 ./src/Source_Files/app.o
 .debug_line    0x0000000000005037      0xb52 ./src/Source_Files/capsense.o
 .debug_line    0x0000000000005b89      0x955 ./src/Source_Files/cmu.o
 .debug_line    0x00000000000064de      0xac2 ./src/Source_Files/gpio.o
 .debug_line    0x0000000000006fa0      0xdf0 ./src/Source_Files/main.o

.debug_info     0x0000000000000000     0xa1db
 .debug_info    0x0000000000000000       0x26 ./CMSIS/EFM32PG12B/startup_gcc_efm32pg12b.o
 .debug_info    0x0000000000000026      0x8f6 ./CMSIS/EFM32PG12B/system_efm32pg12b.o
 .debug_info    0x000000000000091c      0xee5 ./emlib/em_acmp.o
 .debug_info    0x0000000000001801     0x2437 ./emlib/em_cmu.o
 .debug_info    0x0000000000003c38     0x2409 ./emlib/em_emu.o
 .debug_info    0x0000000000006041      0xa7a ./emlib/em_gpio.o
 .debug_info    0x0000000000006abb       0xea ./src/Source_Files/app.o
 .debug_info    0x0000000000006ba5     0x12ca ./src/Source_Files/capsense.o
 .debug_info    0x0000000000007e6f      0x294 ./src/Source_Files/cmu.o
 .debug_info    0x0000000000008103      0x4da ./src/Source_Files/gpio.o
 .debug_info    0x00000000000085dd     0x1bfe ./src/Source_Files/main.o

.debug_abbrev   0x0000000000000000     0x13d6
 .debug_abbrev  0x0000000000000000       0x14 ./CMSIS/EFM32PG12B/startup_gcc_efm32pg12b.o
 .debug_abbrev  0x0000000000000014      0x1b7 ./CMSIS/EFM32PG12B/system_efm32pg12b.o
 .debug_abbrev  0x00000000000001cb      0x20c ./emlib/em_acmp.o
 .debug_abbrev  0x00000000000003d7      0x31e ./emlib/em_cmu.o
 .debug_abbrev  0x00000000000006f5      0x32e ./emlib/em_emu.o
 .debug_abbrev  0x0000000000000a23      0x220 ./emlib/em_gpio.o
 .debug_abbrev  0x0000000000000c43       0x7d ./src/Source_Files/app.o
 .debug_abbrev  0x0000000000000cc0      0x23e ./src/Source_Files/capsense.o
 .debug_abbrev  0x0000000000000efe       0xa0 ./src/Source_Files/cmu.o
 .debug_abbrev  0x0000000000000f9e      0x157 ./src/Source_Files/gpio.o
 .debug_abbrev  0x00000000000010f5      0x2e1 ./src/Source_Files/main.o

.debug_aranges  0x0000000000000000      0x698
 .debug_aranges
                0x0000000000000000       0x20 ./CMSIS/EFM32PG12B/startup_gcc_efm32pg12b.o
 .debug_aranges
                0x0000000000000020       0x68 ./CMSIS/EFM32PG12B/system_efm32pg12b.o
 .debug_aranges
                0x0000000000000088       0x90 ./emlib/em_acmp.o
 .debug_aranges
                0x0000000000000118      0x1c0 ./emlib/em_cmu.o
 .debug_aranges
                0x00000000000002d8      0x1a8 ./emlib/em_emu.o
 .debug_aranges
                0x0000000000000480       0x88 ./emlib/em_gpio.o
 .debug_aranges
                0x0000000000000508       0x20 ./src/Source_Files/app.o
 .debug_aranges
                0x0000000000000528       0x68 ./src/Source_Files/capsense.o
 .debug_aranges
                0x0000000000000590       0x20 ./src/Source_Files/cmu.o
 .debug_aranges
                0x00000000000005b0       0x48 ./src/Source_Files/gpio.o
 .debug_aranges
                0x00000000000005f8       0xa0 ./src/Source_Files/main.o

.debug_str      0x0000000000000000   0x15775b
 .debug_str     0x0000000000000000       0x87 ./CMSIS/EFM32PG12B/startup_gcc_efm32pg12b.o
 .debug_str     0x0000000000000087   0x14e102 ./CMSIS/EFM32PG12B/system_efm32pg12b.o
                                     0x14f01f (size before relaxing)
 .debug_str     0x000000000014e189     0x23dc ./emlib/em_acmp.o
                                     0x150f2b (size before relaxing)
 .debug_str     0x0000000000150565     0x461b ./emlib/em_cmu.o
                                     0x153dfa (size before relaxing)
 .debug_str     0x0000000000154b80     0x1151 ./emlib/em_emu.o
                                     0x153ff5 (size before relaxing)
 .debug_str     0x0000000000155cd1      0x479 ./emlib/em_gpio.o
                                     0x14fa5a (size before relaxing)
 .debug_str     0x000000000015614a       0xf3 ./src/Source_Files/app.o
                                     0x15039e (size before relaxing)
 .debug_str     0x000000000015623d      0x682 ./src/Source_Files/capsense.o
                                     0x152286 (size before relaxing)
 .debug_str     0x00000000001568bf       0x23 ./src/Source_Files/cmu.o
                                     0x150584 (size before relaxing)
 .debug_str     0x00000000001568e2      0x752 ./src/Source_Files/gpio.o
                                     0x14fe8e (size before relaxing)
 .debug_str     0x0000000000157034      0x727 ./src/Source_Files/main.o
                                     0x152961 (size before relaxing)

.debug_loc      0x0000000000000000     0x361a
 .debug_loc     0x0000000000000000      0x2e4 ./CMSIS/EFM32PG12B/system_efm32pg12b.o
 .debug_loc     0x00000000000002e4      0x510 ./emlib/em_acmp.o
 .debug_loc     0x00000000000007f4     0x109c ./emlib/em_cmu.o
 .debug_loc     0x0000000000001890      0xf06 ./emlib/em_emu.o
 .debug_loc     0x0000000000002796      0x4b4 ./emlib/em_gpio.o
 .debug_loc     0x0000000000002c4a       0x2c ./src/Source_Files/app.o
 .debug_loc     0x0000000000002c76      0x338 ./src/Source_Files/capsense.o
 .debug_loc     0x0000000000002fae       0x2c ./src/Source_Files/cmu.o
 .debug_loc     0x0000000000002fda      0x174 ./src/Source_Files/gpio.o
 .debug_loc     0x000000000000314e      0x4cc ./src/Source_Files/main.o

.debug_ranges   0x0000000000000000      0x5d8
 .debug_ranges  0x0000000000000000       0x58 ./CMSIS/EFM32PG12B/system_efm32pg12b.o
 .debug_ranges  0x0000000000000058       0x80 ./emlib/em_acmp.o
 .debug_ranges  0x00000000000000d8      0x1b0 ./emlib/em_cmu.o
 .debug_ranges  0x0000000000000288      0x198 ./emlib/em_emu.o
 .debug_ranges  0x0000000000000420       0x78 ./emlib/em_gpio.o
 .debug_ranges  0x0000000000000498       0x10 ./src/Source_Files/app.o
 .debug_ranges  0x00000000000004a8       0x58 ./src/Source_Files/capsense.o
 .debug_ranges  0x0000000000000500       0x10 ./src/Source_Files/cmu.o
 .debug_ranges  0x0000000000000510       0x38 ./src/Source_Files/gpio.o
 .debug_ranges  0x0000000000000548       0x90 ./src/Source_Files/main.o

.debug_macro    0x0000000000000000    0x324a1
 .debug_macro   0x0000000000000000      0x282 ./CMSIS/EFM32PG12B/system_efm32pg12b.o
 .debug_macro   0x0000000000000282      0xa48 ./CMSIS/EFM32PG12B/system_efm32pg12b.o
 .debug_macro   0x0000000000000cca       0x22 ./CMSIS/EFM32PG12B/system_efm32pg12b.o
 .debug_macro   0x0000000000000cec       0x4f ./CMSIS/EFM32PG12B/system_efm32pg12b.o
 .debug_macro   0x0000000000000d3b       0x51 ./CMSIS/EFM32PG12B/system_efm32pg12b.o
 .debug_macro   0x0000000000000d8c       0xef ./CMSIS/EFM32PG12B/system_efm32pg12b.o
 .debug_macro   0x0000000000000e7b       0x6a ./CMSIS/EFM32PG12B/system_efm32pg12b.o
 .debug_macro   0x0000000000000ee5      0x1df ./CMSIS/EFM32PG12B/system_efm32pg12b.o
 .debug_macro   0x00000000000010c4      0x4b1 ./CMSIS/EFM32PG12B/system_efm32pg12b.o
 .debug_macro   0x0000000000001575       0x1c ./CMSIS/EFM32PG12B/system_efm32pg12b.o
 .debug_macro   0x0000000000001591       0x22 ./CMSIS/EFM32PG12B/system_efm32pg12b.o
 .debug_macro   0x00000000000015b3       0xdf ./CMSIS/EFM32PG12B/system_efm32pg12b.o
 .debug_macro   0x0000000000001692      0xff5 ./CMSIS/EFM32PG12B/system_efm32pg12b.o
 .debug_macro   0x0000000000002687       0xe2 ./CMSIS/EFM32PG12B/system_efm32pg12b.o
 .debug_macro   0x0000000000002769      0xe1d ./CMSIS/EFM32PG12B/system_efm32pg12b.o
 .debug_macro   0x0000000000003586     0x2276 ./CMSIS/EFM32PG12B/system_efm32pg12b.o
 .debug_macro   0x00000000000057fc      0x32a ./CMSIS/EFM32PG12B/system_efm32pg12b.o
 .debug_macro   0x0000000000005b26     0x3119 ./CMSIS/EFM32PG12B/system_efm32pg12b.o
 .debug_macro   0x0000000000008c3f     0x1bbb ./CMSIS/EFM32PG12B/system_efm32pg12b.o
 .debug_macro   0x000000000000a7fa     0x2675 ./CMSIS/EFM32PG12B/system_efm32pg12b.o
 .debug_macro   0x000000000000ce6f     0x1b1a ./CMSIS/EFM32PG12B/system_efm32pg12b.o
 .debug_macro   0x000000000000e989      0xe2c ./CMSIS/EFM32PG12B/system_efm32pg12b.o
 .debug_macro   0x000000000000f7b5      0x345 ./CMSIS/EFM32PG12B/system_efm32pg12b.o
 .debug_macro   0x000000000000fafa      0x29e ./CMSIS/EFM32PG12B/system_efm32pg12b.o
 .debug_macro   0x000000000000fd98     0x2764 ./CMSIS/EFM32PG12B/system_efm32pg12b.o
 .debug_macro   0x00000000000124fc     0x31cd ./CMSIS/EFM32PG12B/system_efm32pg12b.o
 .debug_macro   0x00000000000156c9     0x136c ./CMSIS/EFM32PG12B/system_efm32pg12b.o
 .debug_macro   0x0000000000016a35      0xde3 ./CMSIS/EFM32PG12B/system_efm32pg12b.o
 .debug_macro   0x0000000000017818      0x249 ./CMSIS/EFM32PG12B/system_efm32pg12b.o
 .debug_macro   0x0000000000017a61     0x1043 ./CMSIS/EFM32PG12B/system_efm32pg12b.o
 .debug_macro   0x0000000000018aa4     0x1606 ./CMSIS/EFM32PG12B/system_efm32pg12b.o
 .debug_macro   0x000000000001a0aa     0x3cb8 ./CMSIS/EFM32PG12B/system_efm32pg12b.o
 .debug_macro   0x000000000001dd62     0x23fd ./CMSIS/EFM32PG12B/system_efm32pg12b.o
 .debug_macro   0x000000000002015f      0x70d ./CMSIS/EFM32PG12B/system_efm32pg12b.o
 .debug_macro   0x000000000002086c     0x26f0 ./CMSIS/EFM32PG12B/system_efm32pg12b.o
 .debug_macro   0x0000000000022f5c     0x1701 ./CMSIS/EFM32PG12B/system_efm32pg12b.o
 .debug_macro   0x000000000002465d     0x2efc ./CMSIS/EFM32PG12B/system_efm32pg12b.o
 .debug_macro   0x0000000000027559      0xfb0 ./CMSIS/EFM32PG12B/system_efm32pg12b.o
 .debug_macro   0x0000000000028509      0x6c4 ./CMSIS/EFM32PG12B/system_efm32pg12b.o
 .debug_macro   0x0000000000028bcd     0x1022 ./CMSIS/EFM32PG12B/system_efm32pg12b.o
 .debug_macro   0x0000000000029bef      0x889 ./CMSIS/EFM32PG12B/system_efm32pg12b.o
 .debug_macro   0x000000000002a478      0x500 ./CMSIS/EFM32PG12B/system_efm32pg12b.o
 .debug_macro   0x000000000002a978     0x1bc5 ./CMSIS/EFM32PG12B/system_efm32pg12b.o
 .debug_macro   0x000000000002c53d       0x40 ./CMSIS/EFM32PG12B/system_efm32pg12b.o
 .debug_macro   0x000000000002c57d      0x2ce ./CMSIS/EFM32PG12B/system_efm32pg12b.o
 .debug_macro   0x000000000002c84b      0x382 ./CMSIS/EFM32PG12B/system_efm32pg12b.o
 .debug_macro   0x000000000002cbcd      0x190 ./CMSIS/EFM32PG12B/system_efm32pg12b.o
 .debug_macro   0x000000000002cd5d     0x27bf ./CMSIS/EFM32PG12B/system_efm32pg12b.o
 .debug_macro   0x000000000002f51c      0x304 ./CMSIS/EFM32PG12B/system_efm32pg12b.o
 .debug_macro   0x000000000002f820      0x304 ./CMSIS/EFM32PG12B/system_efm32pg12b.o
 .debug_macro   0x000000000002fb24      0x2b7 ./emlib/em_acmp.o
 .debug_macro   0x000000000002fddb       0x22 ./emlib/em_acmp.o
 .debug_macro   0x000000000002fdfd       0x10 ./emlib/em_acmp.o
 .debug_macro   0x000000000002fe0d       0xe4 ./emlib/em_acmp.o
 .debug_macro   0x000000000002fef1       0x20 ./emlib/em_acmp.o
 .debug_macro   0x000000000002ff11      0x3a9 ./emlib/em_cmu.o
 .debug_macro   0x00000000000302ba       0x58 ./emlib/em_cmu.o
 .debug_macro   0x0000000000030312      0x34d ./emlib/em_cmu.o
 .debug_macro   0x000000000003065f       0x25 ./emlib/em_cmu.o
 .debug_macro   0x0000000000030684       0xee ./emlib/em_cmu.o
 .debug_macro   0x0000000000030772       0x80 ./emlib/em_cmu.o
 .debug_macro   0x00000000000307f2      0x395 ./emlib/em_emu.o
 .debug_macro   0x0000000000030b87       0x52 ./emlib/em_emu.o
 .debug_macro   0x0000000000030bd9       0x55 ./emlib/em_emu.o
 .debug_macro   0x0000000000030c2e      0x353 ./emlib/em_emu.o
 .debug_macro   0x0000000000030f81       0xd9 ./emlib/em_emu.o
 .debug_macro   0x000000000003105a       0x7a ./emlib/em_emu.o
 .debug_macro   0x00000000000310d4      0x295 ./emlib/em_gpio.o
 .debug_macro   0x0000000000031369      0x2c2 ./src/Source_Files/app.o
 .debug_macro   0x000000000003162b       0x46 ./src/Source_Files/app.o
 .debug_macro   0x0000000000031671      0x2cc ./src/Source_Files/capsense.o
 .debug_macro   0x000000000003193d       0x40 ./src/Source_Files/capsense.o
 .debug_macro   0x000000000003197d      0x2a5 ./src/Source_Files/cmu.o
 .debug_macro   0x0000000000031c22      0x2bd ./src/Source_Files/gpio.o
 .debug_macro   0x0000000000031edf       0x16 ./src/Source_Files/gpio.o
 .debug_macro   0x0000000000031ef5       0xd6 ./src/Source_Files/gpio.o
 .debug_macro   0x0000000000031fcb       0x76 ./src/Source_Files/gpio.o
 .debug_macro   0x0000000000032041      0x335 ./src/Source_Files/main.o
 .debug_macro   0x0000000000032376       0xf1 ./src/Source_Files/main.o
 .debug_macro   0x0000000000032467       0x3a ./src/Source_Files/main.o

.debug_frame    0x0000000000000000     0x1a30
 .debug_frame   0x0000000000000000      0x164 ./CMSIS/EFM32PG12B/system_efm32pg12b.o
 .debug_frame   0x0000000000000164      0x24c ./emlib/em_acmp.o
 .debug_frame   0x00000000000003b0      0x7a4 ./emlib/em_cmu.o
 .debug_frame   0x0000000000000b54      0x710 ./emlib/em_emu.o
 .debug_frame   0x0000000000001264      0x224 ./emlib/em_gpio.o
 .debug_frame   0x0000000000001488       0x2c ./src/Source_Files/app.o
 .debug_frame   0x00000000000014b4      0x188 ./src/Source_Files/capsense.o
 .debug_frame   0x000000000000163c       0x2c ./src/Source_Files/cmu.o
 .debug_frame   0x0000000000001668       0xd0 ./src/Source_Files/gpio.o
 .debug_frame   0x0000000000001738      0x264 ./src/Source_Files/main.o
 .debug_frame   0x000000000000199c       0x28 /Applications/Simplicity Studio.app/Contents/Eclipse/developer/toolchains/gnu_arm/7.2_2017q4/bin/../lib/gcc/arm-none-eabi/7.2.1/../../../../arm-none-eabi/lib/thumb/v7e-m/fpv4-sp/softfp/libc_nano.a(lib_a-exit.o)
 .debug_frame   0x00000000000019c4       0x2c /Applications/Simplicity Studio.app/Contents/Eclipse/developer/toolchains/gnu_arm/7.2_2017q4/bin/../lib/gcc/arm-none-eabi/7.2.1/../../../../arm-none-eabi/lib/thumb/v7e-m/fpv4-sp/softfp/libc_nano.a(lib_a-init.o)
 .debug_frame   0x00000000000019f0       0x20 /Applications/Simplicity Studio.app/Contents/Eclipse/developer/toolchains/gnu_arm/7.2_2017q4/bin/../lib/gcc/arm-none-eabi/7.2.1/../../../../arm-none-eabi/lib/thumb/v7e-m/fpv4-sp/softfp/libc_nano.a(lib_a-memset.o)
 .debug_frame   0x0000000000001a10       0x20 /Applications/Simplicity Studio.app/Contents/Eclipse/developer/toolchains/gnu_arm/7.2_2017q4/bin/../lib/gcc/arm-none-eabi/7.2.1/../../../../arm-none-eabi/lib/thumb/v7e-m/fpv4-sp/softfp/libnosys.a(_exit.o)
